============================================================================================================
  FINAL ANSWER (v2) — one sweep. 1-tick slippage + full safety rails + Merton-GZ sizer + provenance gate.
============================================================================================================
  [OK] Provenance verified: all 8 symbols from FivePercentOnline-Real (account 26059964)
       downloaded 2026-04-23T08:18:57

  PAIR SET                                            RISK    N        PnL   Ret%    DD%    PF  Sharpe  RuinP(DD>4%)
  ------------------------------------------------------------------------------------------------------------
  SOLO  DE40      (London 08:00)                   0.075%  116 $  +2,908  +2.9%  0.86%  1.58  +2.05         0.0%
  SOLO  DE40      (London 08:00)                   0.100%  116 $  +3,898  +3.9%  1.14%  1.58  +2.05         0.0%
  SOLO  DE40      (London 08:00)                   0.125%  116 $  +4,755  +4.8%  1.43%  1.56  +1.99         1.6%
  SOLO  DE40      (London 08:00)                   0.150%  116 $  +5,601  +5.6%  1.71%  1.55  +1.95         3.6%

  SOLO  US30      (NY 14:30)                       0.075%  103 $  +2,304  +2.3%  1.72%  1.42  +1.46         0.2%
  SOLO  US30      (NY 14:30)                       0.100%  103 $  +3,037  +3.0%  2.25%  1.42  +1.44         1.0%
  SOLO  US30      (NY 14:30)                       0.125%  103 $  +3,753  +3.8%  2.76%  1.42  +1.42         7.6%
  SOLO  US30      (NY 14:30)                       0.150%  103 $  +4,455  +4.5%  3.24%  1.42  +1.40        16.2%

  SOLO  US500     (NY 14:30, 15-min OR)            0.075%   50 $     -81  -0.1%  0.43%  0.86  -0.22         0.0%
  SOLO  US500     (NY 14:30, 15-min OR)            0.100%   50 $    -109  -0.1%  0.58%  0.86  -0.23         0.0%
  SOLO  US500     (NY 14:30, 15-min OR)            0.125%   50 $    -138  -0.1%  0.72%  0.86  -0.23         0.0%
  SOLO  US500     (NY 14:30, 15-min OR)            0.150%   50 $    -167  -0.2%  0.87%  0.86  -0.23         0.0%

  SOLO  US100     (NY 14:30) [NEW]                 0.075%   90 $  -1,747  -1.7%  2.29%  0.63  -1.65         5.0%
  SOLO  US100     (NY 14:30) [NEW]                 0.100%   90 $  -2,238  -2.2%  3.03%  0.62  -1.63        19.4%
  SOLO  US100     (NY 14:30) [NEW]                 0.125%   90 $  -3,039  -3.0%  3.64%  0.54  -1.94        38.0%
  SOLO  US100     (NY 14:30) [NEW]                 0.150%   47 $  -3,856  -3.9%  4.11%  0.28  -3.03        44.8%

  SOLO  UK100     (London 08:00)                   0.075%   85 $  +1,241  +1.2%  1.17%  1.33  +1.06         0.0%
  SOLO  UK100     (London 08:00)                   0.100%   85 $  +1,627  +1.6%  1.53%  1.33  +1.04         0.2%
  SOLO  UK100     (London 08:00)                   0.125%   85 $  +1,731  +1.7%  1.88%  1.28  +0.91         2.4%
  SOLO  UK100     (London 08:00)                   0.150%   85 $  +1,726  +1.7%  2.21%  1.24  +0.78         5.6%

  SOLO  JP225     (Tokyo 00:00) [NEW]              0.075%    0 $      +0  +0.0%  0.00%  0.00  +0.00         nan%
  SOLO  JP225     (Tokyo 00:00) [NEW]              0.100%    0 $      +0  +0.0%  0.00%  0.00  +0.00         nan%
  SOLO  JP225     (Tokyo 00:00) [NEW]              0.125%    0 $      +0  +0.0%  0.00%  0.00  +0.00         nan%
  SOLO  JP225     (Tokyo 00:00) [NEW]              0.150%    0 $      +0  +0.0%  0.00%  0.00  +0.00         nan%

  SOLO  XAUUSD    (NY 14:30)                       0.075%   29 $     -29  -0.0%  0.42%  0.96  -0.08         0.0%
  SOLO  XAUUSD    (NY 14:30)                       0.100%   29 $     -43  -0.0%  0.56%  0.95  -0.09         0.0%
  SOLO  XAUUSD    (NY 14:30)                       0.125%   29 $     -56  -0.1%  0.70%  0.95  -0.09         0.0%
  SOLO  XAUUSD    (NY 14:30)                       0.150%   29 $     -71  -0.1%  0.84%  0.95  -0.10         0.0%

  SOLO  XAGUSD    (NY 14:30) [NEW]                 0.075%    0 $      +0  +0.0%  0.00%  0.00  +0.00         nan%
  SOLO  XAGUSD    (NY 14:30) [NEW]                 0.100%    0 $      +0  +0.0%  0.00%  0.00  +0.00         nan%
  SOLO  XAGUSD    (NY 14:30) [NEW]                 0.125%    0 $      +0  +0.0%  0.00%  0.00  +0.00         nan%
  SOLO  XAGUSD    (NY 14:30) [NEW]                 0.150%    0 $      +0  +0.0%  0.00%  0.00  +0.00         nan%

  8 pairs (ALL: 4 US + UK + JP + metals)           0.075%  420 $  +3,507  +3.5%  2.97%  1.17  +1.24        14.0%
  8 pairs (ALL: 4 US + UK + JP + metals)           0.100%  370 $  +4,673  +4.7%  3.17%  1.19  +1.30        27.6%
  8 pairs (ALL: 4 US + UK + JP + metals)           0.125%  357 $  +7,174  +7.2%  3.00%  1.26  +1.65        36.6%
  8 pairs (ALL: 4 US + UK + JP + metals)           0.150%  347 $  +9,698  +9.7%  2.95%  1.31  +1.88        45.8%

  7 pairs (drop XAG)                               0.075%  420 $  +3,507  +3.5%  2.97%  1.17  +1.24        14.0%
  7 pairs (drop XAG)                               0.100%  370 $  +4,673  +4.7%  3.17%  1.19  +1.30        27.6%
  7 pairs (drop XAG)                               0.125%  357 $  +7,174  +7.2%  3.00%  1.26  +1.65        36.6%
  7 pairs (drop XAG)                               0.150%  347 $  +9,698  +9.7%  2.95%  1.31  +1.88        45.8%

  7 pairs (drop JP225)                             0.075%  420 $  +3,507  +3.5%  2.97%  1.17  +1.24        14.0%
  7 pairs (drop JP225)                             0.100%  370 $  +4,673  +4.7%  3.17%  1.19  +1.30        27.6%
  7 pairs (drop JP225)                             0.125%  357 $  +7,174  +7.2%  3.00%  1.26  +1.65        36.6%
  7 pairs (drop JP225)                             0.150%  347 $  +9,698  +9.7%  2.95%  1.31  +1.88        45.8%

  6 pairs (4 US + both metals)                     0.075%  335 $  +4,022  +4.0%  2.96%  1.28  +1.66         5.0%
  6 pairs (4 US + both metals)                     0.100%  317 $  +4,715  +4.7%  3.58%  1.26  +1.51        17.6%
  6 pairs (4 US + both metals)                     0.125%  279 $  +6,783  +6.8%  3.40%  1.33  +1.79        27.0%
  6 pairs (4 US + both metals)                     0.150%  270 $  +8,700  +8.7%  3.20%  1.37  +1.95        31.8%

  6 pairs (DE+US30+US500+UK+JP+XAU)                0.075%  369 $  +8,049  +8.0%  1.48%  1.50  +3.05         0.6%
  6 pairs (DE+US30+US500+UK+JP+XAU)                0.100%  368 $ +10,414 +10.4%  1.92%  1.49  +2.97         4.4%
  6 pairs (DE+US30+US500+UK+JP+XAU)                0.125%  367 $ +13,357 +13.4%  2.12%  1.52  +3.07        10.0%
  6 pairs (DE+US30+US500+UK+JP+XAU)                0.150%  367 $ +16,043 +16.0%  2.49%  1.53  +3.07        20.4%

  6 pairs (4 US + UK + XAU)                        0.075%  420 $  +3,507  +3.5%  2.97%  1.17  +1.24        14.0%
  6 pairs (4 US + UK + XAU)                        0.100%  370 $  +4,673  +4.7%  3.17%  1.19  +1.30        27.6%
  6 pairs (4 US + UK + XAU)                        0.125%  357 $  +7,174  +7.2%  3.00%  1.26  +1.65        36.6%
  6 pairs (4 US + UK + XAU)                        0.150%  347 $  +9,698  +9.7%  2.95%  1.31  +1.88        45.8%

  5 pairs (DE40+US30+XAU+US500+UK100) Phase-A      0.075%  368 $  +8,030  +8.0%  1.49%  1.50  +3.04         0.8%
  5 pairs (DE40+US30+XAU+US500+UK100) Phase-A      0.100%  367 $ +10,388 +10.4%  1.94%  1.49  +2.96         4.6%
  5 pairs (DE40+US30+XAU+US500+UK100) Phase-A      0.125%  366 $ +13,325 +13.3%  2.12%  1.52  +3.06        12.2%
  5 pairs (DE40+US30+XAU+US500+UK100) Phase-A      0.150%  366 $ +16,005 +16.0%  2.49%  1.52  +3.07        23.2%

  5 pairs (DE40+US30+XAU+US500+US100)              0.075%  336 $  +4,109  +4.1%  2.96%  1.28  +1.70         4.8%
  5 pairs (DE40+US30+XAU+US500+US100)              0.100%  318 $  +4,823  +4.8%  3.58%  1.27  +1.54        15.4%
  5 pairs (DE40+US30+XAU+US500+US100)              0.125%  280 $  +6,905  +6.9%  3.40%  1.34  +1.82        21.2%
  5 pairs (DE40+US30+XAU+US500+US100)              0.150%  271 $  +8,834  +8.8%  3.19%  1.38  +1.98        33.2%

  4 pairs (drop UK100) [previous WINNER]           0.075%  283 $  +7,602  +7.6%  1.55%  1.73  +3.53         0.0%
  4 pairs (drop UK100) [previous WINNER]           0.100%  283 $  +9,933  +9.9%  1.99%  1.72  +3.47         0.0%
  4 pairs (drop UK100) [previous WINNER]           0.125%  283 $ +12,196 +12.2%  2.40%  1.72  +3.41         2.8%
  4 pairs (drop UK100) [previous WINNER]           0.150%  283 $ +14,437 +14.4%  2.91%  1.71  +3.36         6.8%

  4 pairs (DE40+US30+US100+XAU)                    0.075%  314 $  +3,053  +3.1%  3.57%  1.20  +1.22        10.6%
  4 pairs (DE40+US30+US100+XAU)                    0.100%  288 $  +4,130  +4.1%  3.65%  1.22  +1.28        24.8%
  4 pairs (DE40+US30+US100+XAU)                    0.125%  262 $  +5,763  +5.8%  3.72%  1.26  +1.46        38.2%
  4 pairs (DE40+US30+US100+XAU)                    0.150%  109 $  +1,588  +1.6%  3.78%  1.16  +0.59        24.8%

  3 pairs (DE40+US30+XAU only)                     0.075%  247 $  +6,983  +7.0%  2.07%  1.62  +3.06         0.0%
  3 pairs (DE40+US30+XAU only)                     0.100%  247 $  +8,999  +9.0%  2.69%  1.60  +2.97         3.2%
  3 pairs (DE40+US30+XAU only)                     0.125%  247 $ +11,041 +11.0%  3.35%  1.59  +2.91         8.2%
  3 pairs (DE40+US30+XAU only)                     0.150%  247 $ +13,077 +13.1%  4.09%  1.59  +2.86        16.4%

  2 pairs (DE40+US30 only)                         0.075%  218 $  +5,388  +5.4%  2.06%  1.49  +2.41         0.4%
  2 pairs (DE40+US30 only)                         0.100%  218 $  +7,043  +7.0%  2.62%  1.49  +2.38         2.6%
  2 pairs (DE40+US30 only)                         0.125%  218 $  +8,535  +8.5%  3.16%  1.48  +2.31         9.6%
  2 pairs (DE40+US30 only)                         0.150%  218 $ +10,009 +10.0%  3.92%  1.47  +2.25        18.8%

  2 pairs (XAU+XAG only — metals basket)           0.075%   29 $     -29  -0.0%  0.42%  0.96  -0.08         0.0%
  2 pairs (XAU+XAG only — metals basket)           0.100%   29 $     -43  -0.0%  0.56%  0.95  -0.09         0.0%
  2 pairs (XAU+XAG only — metals basket)           0.125%   29 $     -56  -0.1%  0.70%  0.95  -0.09         0.0%
  2 pairs (XAU+XAG only — metals basket)           0.150%   29 $     -71  -0.1%  0.84%  0.95  -0.10         0.0%

============================================================================================================
  THE WINNERS  —  STRICT filter (ruin<2%, DD<3%, N>=20)  [GO-LIVE SAFE]
============================================================================================================

  [BEST RETURN]
     Pairs    : DE40, US30, XAUUSD, US500
     Risk     : 0.100%  (Merton-GZ anchor)
     PnL      : $+9,933  (+9.93% on $100k in ~3 months)
     Max DD   : 1.99%   (prop-firm cap is 4%)
     Profit F.: 1.72  |  Sharpe: +3.47  |  WR: 65.4%
     Ruin prob: 0.0% chance of touching 4% DD
     Projected annual @ this pace: $+39,734  (no compounding)

  [LOWEST DD (safest)]
     Pairs    : XAUUSD
     Risk     : 0.075%  (Merton-GZ anchor)
     PnL      : $-29  (-0.03% on $100k in ~3 months)
     Max DD   : 0.42%   (prop-firm cap is 4%)
     Profit F.: 0.96  |  Sharpe: -0.08  |  WR: 65.5%
     Ruin prob: 0.0% chance of touching 4% DD
     Projected annual @ this pace: $-117  (no compounding)

  [BEST SHARPE]
     Pairs    : DE40, US30, XAUUSD, US500
     Risk     : 0.075%  (Merton-GZ anchor)
     PnL      : $+7,602  (+7.60% on $100k in ~3 months)
     Max DD   : 1.55%   (prop-firm cap is 4%)
     Profit F.: 1.73  |  Sharpe: +3.53  |  WR: 65.4%
     Ruin prob: 0.0% chance of touching 4% DD
     Projected annual @ this pace: $+30,407  (no compounding)

  Saved: Results/final_answer_sweep.json
============================================================================================================
