==============================================================================================================
  PRE-FLIGHT RISK-TIER AUDIT — 4-pair @ 4 risk levels, 5000-path bootstrap, daily-DD & HFT & bulk-trading compliance
==============================================================================================================
  [running]  risk = 0.075 %  ...
  [running]  risk = 0.100 %  ...
  [running]  risk = 0.125 %  ...
  [running]  risk = 0.150 %  ...

  RISK    N   PnL          DD%  WrstDay$  WrstDay%  WrstDailyDD%  Ruin3%  Ruin4%  Ruin5%   HoldMedMin  Sub60s  2-conc%
  --------------------------------------------------------------------------------------------------------------------
  0.075%  283  $  +7,602  1.55  $   -488   -0.49        0.48    0.2    0.0    0.0       75.0      0    2.7
  0.100%  283  $  +9,933  1.99  $   -660   -0.66        0.63    2.7    0.2    0.0       75.0      0    2.7
  0.125%  283  $ +12,196  2.40  $   -834   -0.83        0.79    9.8    1.8    0.2       75.0      0    2.7
  0.150%  283  $ +14,437  2.91  $ -1,015   -1.01        0.94   21.2    5.8    1.4       75.0      0    2.7

==============================================================================================================
  VERDICT (5ers real rules: 5% static DD + 5% daily DD)
==============================================================================================================
    risk=0.075%  PnL=$+7,602  daily-DD=0.48%  ruin(5%)=0.0%   [FAIL] BULK-TRADING RISK (3+ concurrent)
    risk=0.100%  PnL=$+9,933  daily-DD=0.63%  ruin(5%)=0.0%   [FAIL] BULK-TRADING RISK (3+ concurrent)
    risk=0.125%  PnL=$+12,196  daily-DD=0.79%  ruin(5%)=0.2%   [FAIL] BULK-TRADING RISK (3+ concurrent)
    risk=0.150%  PnL=$+14,437  daily-DD=0.94%  ruin(5%)=1.4%   [FAIL] BULK-TRADING RISK (3+ concurrent)

  Saved: C:\Users\lukeb\OneDrive\Desktop\New folder\PropBot\Results\preflight_v3.json
==============================================================================================================
