========================================================================================================================
  FINE-GRAINED RISK SWEEP   (4-pair portfolio, 5000-path bootstrap, full safety rails)
========================================================================================================================
  [running]  risk = 0.080 %  ...
  [running]  risk = 0.090 %  ...
  [running]  risk = 0.100 %  ...
  [running]  risk = 0.105 %  ...
  [running]  risk = 0.110 %  ...
  [running]  risk = 0.115 %  ...
  [running]  risk = 0.120 %  ...
  [running]  risk = 0.125 %  ...
  [running]  risk = 0.130 %  ...

  RISK     N   PnL(3m)     DD%   WrstDay%   DailyDD%    Ruin3%  Ruin4%  Ruin5%  |  MonthlyGrow  Year1-Bal    Year1-Ret   Payout(80%)/mo
  -------------------------------------------------------------------------------------------------------------------------------------
  0.080%  283  $  +8,130  1.64    -0.52      0.51        0.4     0.0     0.0  |   2.64%       $  136,705   +36.7%     $ 2,469
  0.090%  283  $  +9,031  1.82    -0.59      0.57        1.2     0.1     0.0  |   2.92%       $  141,321   +41.3%     $ 2,781
  0.100%  283  $  +9,933  1.99    -0.66      0.63        2.7     0.2     0.0  |   3.21%       $  146,056   +46.1%     $ 3,101
  0.105%  283  $ +10,388  2.07    -0.69      0.66        3.7     0.4     0.1  |   3.35%       $  148,486   +48.5%     $ 3,265
  0.110%  283  $ +10,841  2.16    -0.73      0.69        4.9     0.5     0.1  |   3.49%       $  150,937   +50.9%     $ 3,430
  0.115%  283  $ +11,289  2.24    -0.76      0.73        6.4     0.9     0.1  |   3.63%       $  153,395   +53.4%     $ 3,596
  0.120%  283  $ +11,739  2.32    -0.80      0.76        7.8     1.3     0.2  |   3.77%       $  155,893   +55.9%     $ 3,765
  0.125%  283  $ +12,196  2.40    -0.83      0.79        9.8     1.8     0.2  |   3.91%       $  158,459   +58.5%     $ 3,938
  0.130%  283  $ +12,650  2.48    -0.87      0.82       11.7     2.4     0.3  |   4.05%       $  161,034   +61.0%     $ 4,112

========================================================================================================================
  RULE-COMPLIANCE VERDICT (5ers real rules: 5% static DD + 5% daily DD)
========================================================================================================================
    risk=0.080%  PnL=$+8,130  ruin5=0.0%  ruin4=0.0%  Y1-ret=+36.7%   [OK]  [TIGHT-OK]
    risk=0.090%  PnL=$+9,031  ruin5=0.0%  ruin4=0.1%  Y1-ret=+41.3%   [OK]  [TIGHT-OK]
    risk=0.100%  PnL=$+9,933  ruin5=0.0%  ruin4=0.2%  Y1-ret=+46.1%   [OK]  [TIGHT-OK]
    risk=0.105%  PnL=$+10,388  ruin5=0.1%  ruin4=0.4%  Y1-ret=+48.5%   [OK]  [TIGHT-OK]
    risk=0.110%  PnL=$+10,841  ruin5=0.1%  ruin4=0.5%  Y1-ret=+50.9%   [OK]  [TIGHT-OK]
    risk=0.115%  PnL=$+11,289  ruin5=0.1%  ruin4=0.9%  Y1-ret=+53.4%   [OK]  [TIGHT-OK]
    risk=0.120%  PnL=$+11,739  ruin5=0.2%  ruin4=1.3%  Y1-ret=+55.9%   [OK]  [TIGHT-OK]
    risk=0.125%  PnL=$+12,196  ruin5=0.2%  ruin4=1.8%  Y1-ret=+58.5%   [OK]  [TIGHT-OK]
    risk=0.130%  PnL=$+12,650  ruin5=0.3%  ruin4=2.4%  Y1-ret=+61.0%   [OK]  [TIGHT-OK]

  >>> BEST risk that passes BOTH hard-rules AND tight (ruin@4% <5%) filter:
      risk = 0.130 %
      3m PnL = $+12,650  DD = 2.48%  ruin@5% = 0.3%  ruin@4% = 2.4%

  Saved: C:\Users\lukeb\OneDrive\Desktop\New folder\PropBot\Results\risk_sweep_fine.json
========================================================================================================================
