============================================================================================================================================
  v24 PhD SIZER SHOOTOUT — LITERALLY TEST EVERYTHING
  2026-04-23T11:00:06
============================================================================================================================================

  [1/9] Building trade stream ...
    total trades: 283   symbols: ['DE40', 'US30', 'US500', 'XAUUSD']   time span: 2026-01-20T10:02:00 → 2026-04-21T09:12:00
    per-symbol: DE40=115  US30=94  US500=48  XAUUSD=26

  [2/9] Fitting per-symbol HMMs ...

  [3/9] Building sizer zoo ...
    zoo size: 17 sizers

  [4/9] Replaying each sizer on portfolio ...
    [ 1/17] Flat_0.05pct                     net=$  +2,042  DD= 0.67%  ruin@4%= 0.0%  (1.7s)
    [ 2/17] Flat_0.10pct                     net=$  +4,123  DD= 1.33%  ruin@4%= 0.0%  (1.8s)
    [ 3/17] Flat_0.15pct                     net=$  +6,241  DD= 1.99%  ruin@4%= 0.2%  (1.6s)
    [ 4/17] Flat_0.20pct                     net=$  +8,399  DD= 2.65%  ruin@4%= 1.7%  (1.6s)
    [ 5/17] Kelly_Half                       net=$ +23,501  DD= 3.51%  ruin@4%=32.4%  (1.6s)
    [ 6/17] Kelly_Quarter                    net=$ +23,501  DD= 3.51%  ruin@4%=32.6%  (1.6s)
    [ 7/17] BayesKelly_half_ci10             net=$ +17,475  DD= 2.94%  ruin@4%=21.7%  (4.1s)
    [ 8/17] MertonGZ_g1.5                    net=$ +14,587  DD= 1.82%  ruin@4%= 0.4%  (1.7s)
    [ 9/17] MertonGZ_g2.0                    net=$ +14,636  DD= 1.77%  ruin@4%= 0.2%  (1.6s)
    [10/17] MertonGZ_g3.0                    net=$ +14,686  DD= 1.72%  ruin@4%= 0.2%  (1.6s)
    [11/17] GARCHMerton_g2.0                 net=$ +23,501  DD= 3.51%  ruin@4%=32.7%  (1.6s)
    [12/17] GZ_eta2.0_b0.15pct               net=$  +6,147  DD= 1.41%  ruin@4%= 0.0%  (1.6s)
    [13/17] GZ_eta3.0_b0.15pct               net=$  +6,088  DD= 1.25%  ruin@4%= 0.0%  (1.6s)
    [14/17] Vince_20pct_of_f*                net=$ +21,369  DD= 3.51%  ruin@4%=33.8%  (2.0s)
    [15/17] VanTharp_InvVol                  net=$  +7,765  DD= 2.72%  ruin@4%= 0.9%  (2.2s)
    [16/17] HMMRegime_0.5-1.8x               net=$  +5,290  DD= 3.00%  ruin@4%= 2.4%  (1.9s)
    [17/17] CPPI_m3.0_f4pct                  net=$ +20,679  DD= 6.51%  ruin@4%=59.3%  (1.7s)

  [5/9] Building ENSEMBLE of top-3 (selected on IS-half composite) ...
    ensemble Ensemble_top3_Flat+Flat+GZ:
      net=$  +4,094  DD= 1.13%  ruin@4%= 0.0%  comp=  +77.9

  [6/9] Producing 5 rankings ...

  ## RANKING 1: Highest net PnL (profit-first)  (top 18)
   1. Kelly_Half                   N=283 PnL=$ +23,501 DD= 3.51% PF=1.89 Shp=+3.83 Srt= +4.7 Calm=+6.69 Omega=1.89 Ulcer=1.64 Ruin@4%=32.4% comp=  +24.3
   2. Kelly_Quarter                N=283 PnL=$ +23,501 DD= 3.51% PF=1.89 Shp=+3.83 Srt= +4.7 Calm=+6.69 Omega=1.89 Ulcer=1.64 Ruin@4%=32.6% comp=  +24.3
   3. GARCHMerton_g2.0             N=283 PnL=$ +23,501 DD= 3.51% PF=1.89 Shp=+3.83 Srt= +4.7 Calm=+6.69 Omega=1.89 Ulcer=1.64 Ruin@4%=32.7% comp=  +24.2
   4. Vince_20pct_of_f*            N=283 PnL=$ +21,369 DD= 3.51% PF=1.83 Shp=+3.59 Srt= +4.4 Calm=+6.09 Omega=1.83 Ulcer=1.65 Ruin@4%=33.8% comp=  +19.5
   5. CPPI_m3.0_f4pct              N=283 PnL=$ +20,679 DD= 6.51% PF=1.55 Shp=+2.94 Srt= +4.4 Calm=+3.18 Omega=1.55 Ulcer=2.24 Ruin@4%=59.3% comp=   +3.9
   6. BayesKelly_half_ci10         N=283 PnL=$ +17,475 DD= 2.94% PF=1.91 Shp=+3.39 Srt= +3.8 Calm=+5.94 Omega=1.91 Ulcer=1.50 Ruin@4%=21.7% comp=  +22.7
   7. MertonGZ_g3.0                N=283 PnL=$ +14,686 DD= 1.72% PF=1.94 Shp=+4.05 Srt= +5.4 Calm=+8.53 Omega=1.94 Ulcer=0.72 Ruin@4%= 0.2% comp= +124.4
   8. MertonGZ_g2.0                N=283 PnL=$ +14,636 DD= 1.77% PF=1.93 Shp=+4.03 Srt= +5.4 Calm=+8.26 Omega=1.93 Ulcer=0.73 Ruin@4%= 0.2% comp= +117.4
   9. MertonGZ_g1.5                N=283 PnL=$ +14,587 DD= 1.82% PF=1.92 Shp=+4.01 Srt= +5.3 Calm=+8.01 Omega=1.92 Ulcer=0.74 Ruin@4%= 0.4% comp= +110.4
  10. Flat_0.20pct                 N=283 PnL=$  +8,399 DD= 2.65% PF=1.58 Shp=+3.11 Srt= +4.8 Calm=+3.17 Omega=1.58 Ulcer=0.91 Ruin@4%= 1.7% comp=  +25.9
  11. VanTharp_InvVol              N=283 PnL=$  +7,765 DD= 2.72% PF=1.62 Shp=+3.24 Srt= +4.2 Calm=+2.85 Omega=1.62 Ulcer=0.95 Ruin@4%= 0.9% comp=  +20.4
  12. Flat_0.15pct                 N=283 PnL=$  +6,241 DD= 1.99% PF=1.58 Shp=+3.12 Srt= +4.8 Calm=+3.14 Omega=1.58 Ulcer=0.68 Ruin@4%= 0.2% comp=  +34.8
  13. GZ_eta2.0_b0.15pct           N=283 PnL=$  +6,147 DD= 1.41% PF=1.72 Shp=+3.65 Srt= +5.6 Calm=+4.37 Omega=1.72 Ulcer=0.54 Ruin@4%= 0.0% comp=  +77.4
  14. GZ_eta3.0_b0.15pct           N=283 PnL=$  +6,088 DD= 1.25% PF=1.77 Shp=+3.79 Srt= +5.7 Calm=+4.89 Omega=1.77 Ulcer=0.50 Ruin@4%= 0.0% comp=  +99.1
  15. HMMRegime_0.5-1.8x           N=283 PnL=$  +5,290 DD= 3.00% PF=1.43 Shp=+2.29 Srt= +3.1 Calm=+1.76 Omega=1.43 Ulcer=1.02 Ruin@4%= 2.4% comp=   +7.5
  16. Flat_0.10pct                 N=283 PnL=$  +4,123 DD= 1.33% PF=1.58 Shp=+3.13 Srt= +4.8 Calm=+3.10 Omega=1.58 Ulcer=0.46 Ruin@4%= 0.0% comp=  +52.0
  17. Ensemble_top3_Flat+Flat+GZ   N=283 PnL=$  +4,094 DD= 1.13% PF=1.65 Shp=+3.40 Srt= +5.3 Calm=+3.63 Omega=1.65 Ulcer=0.41 Ruin@4%= 0.0% comp=  +77.9
  18. Flat_0.05pct                 N=283 PnL=$  +2,042 DD= 0.67% PF=1.58 Shp=+3.14 Srt= +4.9 Calm=+3.06 Omega=1.58 Ulcer=0.23 Ruin@4%= 0.0% comp= +103.4

  ## RANKING 2: Lowest max DD (defensive)  (top 18)
   1. Flat_0.05pct                 N=283 PnL=$  +2,042 DD= 0.67% PF=1.58 Shp=+3.14 Srt= +4.9 Calm=+3.06 Omega=1.58 Ulcer=0.23 Ruin@4%= 0.0% comp= +103.4
   2. Ensemble_top3_Flat+Flat+GZ   N=283 PnL=$  +4,094 DD= 1.13% PF=1.65 Shp=+3.40 Srt= +5.3 Calm=+3.63 Omega=1.65 Ulcer=0.41 Ruin@4%= 0.0% comp=  +77.9
   3. GZ_eta3.0_b0.15pct           N=283 PnL=$  +6,088 DD= 1.25% PF=1.77 Shp=+3.79 Srt= +5.7 Calm=+4.89 Omega=1.77 Ulcer=0.50 Ruin@4%= 0.0% comp=  +99.1
   4. Flat_0.10pct                 N=283 PnL=$  +4,123 DD= 1.33% PF=1.58 Shp=+3.13 Srt= +4.8 Calm=+3.10 Omega=1.58 Ulcer=0.46 Ruin@4%= 0.0% comp=  +52.0
   5. GZ_eta2.0_b0.15pct           N=283 PnL=$  +6,147 DD= 1.41% PF=1.72 Shp=+3.65 Srt= +5.6 Calm=+4.37 Omega=1.72 Ulcer=0.54 Ruin@4%= 0.0% comp=  +77.4
   6. MertonGZ_g3.0                N=283 PnL=$ +14,686 DD= 1.72% PF=1.94 Shp=+4.05 Srt= +5.4 Calm=+8.53 Omega=1.94 Ulcer=0.72 Ruin@4%= 0.2% comp= +124.4
   7. MertonGZ_g2.0                N=283 PnL=$ +14,636 DD= 1.77% PF=1.93 Shp=+4.03 Srt= +5.4 Calm=+8.26 Omega=1.93 Ulcer=0.73 Ruin@4%= 0.2% comp= +117.4
   8. MertonGZ_g1.5                N=283 PnL=$ +14,587 DD= 1.82% PF=1.92 Shp=+4.01 Srt= +5.3 Calm=+8.01 Omega=1.92 Ulcer=0.74 Ruin@4%= 0.4% comp= +110.4
   9. Flat_0.15pct                 N=283 PnL=$  +6,241 DD= 1.99% PF=1.58 Shp=+3.12 Srt= +4.8 Calm=+3.14 Omega=1.58 Ulcer=0.68 Ruin@4%= 0.2% comp=  +34.8
  10. Flat_0.20pct                 N=283 PnL=$  +8,399 DD= 2.65% PF=1.58 Shp=+3.11 Srt= +4.8 Calm=+3.17 Omega=1.58 Ulcer=0.91 Ruin@4%= 1.7% comp=  +25.9
  11. VanTharp_InvVol              N=283 PnL=$  +7,765 DD= 2.72% PF=1.62 Shp=+3.24 Srt= +4.2 Calm=+2.85 Omega=1.62 Ulcer=0.95 Ruin@4%= 0.9% comp=  +20.4
  12. BayesKelly_half_ci10         N=283 PnL=$ +17,475 DD= 2.94% PF=1.91 Shp=+3.39 Srt= +3.8 Calm=+5.94 Omega=1.91 Ulcer=1.50 Ruin@4%=21.7% comp=  +22.7
  13. HMMRegime_0.5-1.8x           N=283 PnL=$  +5,290 DD= 3.00% PF=1.43 Shp=+2.29 Srt= +3.1 Calm=+1.76 Omega=1.43 Ulcer=1.02 Ruin@4%= 2.4% comp=   +7.5
  14. Kelly_Half                   N=283 PnL=$ +23,501 DD= 3.51% PF=1.89 Shp=+3.83 Srt= +4.7 Calm=+6.69 Omega=1.89 Ulcer=1.64 Ruin@4%=32.4% comp=  +24.3
  15. Kelly_Quarter                N=283 PnL=$ +23,501 DD= 3.51% PF=1.89 Shp=+3.83 Srt= +4.7 Calm=+6.69 Omega=1.89 Ulcer=1.64 Ruin@4%=32.6% comp=  +24.3
  16. GARCHMerton_g2.0             N=283 PnL=$ +23,501 DD= 3.51% PF=1.89 Shp=+3.83 Srt= +4.7 Calm=+6.69 Omega=1.89 Ulcer=1.64 Ruin@4%=32.7% comp=  +24.2
  17. Vince_20pct_of_f*            N=283 PnL=$ +21,369 DD= 3.51% PF=1.83 Shp=+3.59 Srt= +4.4 Calm=+6.09 Omega=1.83 Ulcer=1.65 Ruin@4%=33.8% comp=  +19.5
  18. CPPI_m3.0_f4pct              N=283 PnL=$ +20,679 DD= 6.51% PF=1.55 Shp=+2.94 Srt= +4.4 Calm=+3.18 Omega=1.55 Ulcer=2.24 Ruin@4%=59.3% comp=   +3.9

  ## RANKING 3: Highest Calmar (risk-adj growth)  (top 18)
   1. MertonGZ_g3.0                N=283 PnL=$ +14,686 DD= 1.72% PF=1.94 Shp=+4.05 Srt= +5.4 Calm=+8.53 Omega=1.94 Ulcer=0.72 Ruin@4%= 0.2% comp= +124.4
   2. MertonGZ_g2.0                N=283 PnL=$ +14,636 DD= 1.77% PF=1.93 Shp=+4.03 Srt= +5.4 Calm=+8.26 Omega=1.93 Ulcer=0.73 Ruin@4%= 0.2% comp= +117.4
   3. MertonGZ_g1.5                N=283 PnL=$ +14,587 DD= 1.82% PF=1.92 Shp=+4.01 Srt= +5.3 Calm=+8.01 Omega=1.92 Ulcer=0.74 Ruin@4%= 0.4% comp= +110.4
   4. Kelly_Half                   N=283 PnL=$ +23,501 DD= 3.51% PF=1.89 Shp=+3.83 Srt= +4.7 Calm=+6.69 Omega=1.89 Ulcer=1.64 Ruin@4%=32.4% comp=  +24.3
   5. Kelly_Quarter                N=283 PnL=$ +23,501 DD= 3.51% PF=1.89 Shp=+3.83 Srt= +4.7 Calm=+6.69 Omega=1.89 Ulcer=1.64 Ruin@4%=32.6% comp=  +24.3
   6. GARCHMerton_g2.0             N=283 PnL=$ +23,501 DD= 3.51% PF=1.89 Shp=+3.83 Srt= +4.7 Calm=+6.69 Omega=1.89 Ulcer=1.64 Ruin@4%=32.7% comp=  +24.2
   7. Vince_20pct_of_f*            N=283 PnL=$ +21,369 DD= 3.51% PF=1.83 Shp=+3.59 Srt= +4.4 Calm=+6.09 Omega=1.83 Ulcer=1.65 Ruin@4%=33.8% comp=  +19.5
   8. BayesKelly_half_ci10         N=283 PnL=$ +17,475 DD= 2.94% PF=1.91 Shp=+3.39 Srt= +3.8 Calm=+5.94 Omega=1.91 Ulcer=1.50 Ruin@4%=21.7% comp=  +22.7
   9. GZ_eta3.0_b0.15pct           N=283 PnL=$  +6,088 DD= 1.25% PF=1.77 Shp=+3.79 Srt= +5.7 Calm=+4.89 Omega=1.77 Ulcer=0.50 Ruin@4%= 0.0% comp=  +99.1
  10. GZ_eta2.0_b0.15pct           N=283 PnL=$  +6,147 DD= 1.41% PF=1.72 Shp=+3.65 Srt= +5.6 Calm=+4.37 Omega=1.72 Ulcer=0.54 Ruin@4%= 0.0% comp=  +77.4
  11. Ensemble_top3_Flat+Flat+GZ   N=283 PnL=$  +4,094 DD= 1.13% PF=1.65 Shp=+3.40 Srt= +5.3 Calm=+3.63 Omega=1.65 Ulcer=0.41 Ruin@4%= 0.0% comp=  +77.9
  12. CPPI_m3.0_f4pct              N=283 PnL=$ +20,679 DD= 6.51% PF=1.55 Shp=+2.94 Srt= +4.4 Calm=+3.18 Omega=1.55 Ulcer=2.24 Ruin@4%=59.3% comp=   +3.9
  13. Flat_0.20pct                 N=283 PnL=$  +8,399 DD= 2.65% PF=1.58 Shp=+3.11 Srt= +4.8 Calm=+3.17 Omega=1.58 Ulcer=0.91 Ruin@4%= 1.7% comp=  +25.9
  14. Flat_0.15pct                 N=283 PnL=$  +6,241 DD= 1.99% PF=1.58 Shp=+3.12 Srt= +4.8 Calm=+3.14 Omega=1.58 Ulcer=0.68 Ruin@4%= 0.2% comp=  +34.8
  15. Flat_0.10pct                 N=283 PnL=$  +4,123 DD= 1.33% PF=1.58 Shp=+3.13 Srt= +4.8 Calm=+3.10 Omega=1.58 Ulcer=0.46 Ruin@4%= 0.0% comp=  +52.0
  16. Flat_0.05pct                 N=283 PnL=$  +2,042 DD= 0.67% PF=1.58 Shp=+3.14 Srt= +4.9 Calm=+3.06 Omega=1.58 Ulcer=0.23 Ruin@4%= 0.0% comp= +103.4
  17. VanTharp_InvVol              N=283 PnL=$  +7,765 DD= 2.72% PF=1.62 Shp=+3.24 Srt= +4.2 Calm=+2.85 Omega=1.62 Ulcer=0.95 Ruin@4%= 0.9% comp=  +20.4
  18. HMMRegime_0.5-1.8x           N=283 PnL=$  +5,290 DD= 3.00% PF=1.43 Shp=+2.29 Srt= +3.1 Calm=+1.76 Omega=1.43 Ulcer=1.02 Ruin@4%= 2.4% comp=   +7.5

  ## RANKING 4: Lowest Ruin@4% (prop-firm paranoid)  (top 18)
   1. Flat_0.05pct                 N=283 PnL=$  +2,042 DD= 0.67% PF=1.58 Shp=+3.14 Srt= +4.9 Calm=+3.06 Omega=1.58 Ulcer=0.23 Ruin@4%= 0.0% comp= +103.4
   2. Flat_0.10pct                 N=283 PnL=$  +4,123 DD= 1.33% PF=1.58 Shp=+3.13 Srt= +4.8 Calm=+3.10 Omega=1.58 Ulcer=0.46 Ruin@4%= 0.0% comp=  +52.0
   3. GZ_eta3.0_b0.15pct           N=283 PnL=$  +6,088 DD= 1.25% PF=1.77 Shp=+3.79 Srt= +5.7 Calm=+4.89 Omega=1.77 Ulcer=0.50 Ruin@4%= 0.0% comp=  +99.1
   4. Ensemble_top3_Flat+Flat+GZ   N=283 PnL=$  +4,094 DD= 1.13% PF=1.65 Shp=+3.40 Srt= +5.3 Calm=+3.63 Omega=1.65 Ulcer=0.41 Ruin@4%= 0.0% comp=  +77.9
   5. GZ_eta2.0_b0.15pct           N=283 PnL=$  +6,147 DD= 1.41% PF=1.72 Shp=+3.65 Srt= +5.6 Calm=+4.37 Omega=1.72 Ulcer=0.54 Ruin@4%= 0.0% comp=  +77.4
   6. Flat_0.15pct                 N=283 PnL=$  +6,241 DD= 1.99% PF=1.58 Shp=+3.12 Srt= +4.8 Calm=+3.14 Omega=1.58 Ulcer=0.68 Ruin@4%= 0.2% comp=  +34.8
   7. MertonGZ_g2.0                N=283 PnL=$ +14,636 DD= 1.77% PF=1.93 Shp=+4.03 Srt= +5.4 Calm=+8.26 Omega=1.93 Ulcer=0.73 Ruin@4%= 0.2% comp= +117.4
   8. MertonGZ_g3.0                N=283 PnL=$ +14,686 DD= 1.72% PF=1.94 Shp=+4.05 Srt= +5.4 Calm=+8.53 Omega=1.94 Ulcer=0.72 Ruin@4%= 0.2% comp= +124.4
   9. MertonGZ_g1.5                N=283 PnL=$ +14,587 DD= 1.82% PF=1.92 Shp=+4.01 Srt= +5.3 Calm=+8.01 Omega=1.92 Ulcer=0.74 Ruin@4%= 0.4% comp= +110.4
  10. VanTharp_InvVol              N=283 PnL=$  +7,765 DD= 2.72% PF=1.62 Shp=+3.24 Srt= +4.2 Calm=+2.85 Omega=1.62 Ulcer=0.95 Ruin@4%= 0.9% comp=  +20.4
  11. Flat_0.20pct                 N=283 PnL=$  +8,399 DD= 2.65% PF=1.58 Shp=+3.11 Srt= +4.8 Calm=+3.17 Omega=1.58 Ulcer=0.91 Ruin@4%= 1.7% comp=  +25.9
  12. HMMRegime_0.5-1.8x           N=283 PnL=$  +5,290 DD= 3.00% PF=1.43 Shp=+2.29 Srt= +3.1 Calm=+1.76 Omega=1.43 Ulcer=1.02 Ruin@4%= 2.4% comp=   +7.5
  13. BayesKelly_half_ci10         N=283 PnL=$ +17,475 DD= 2.94% PF=1.91 Shp=+3.39 Srt= +3.8 Calm=+5.94 Omega=1.91 Ulcer=1.50 Ruin@4%=21.7% comp=  +22.7
  14. Kelly_Half                   N=283 PnL=$ +23,501 DD= 3.51% PF=1.89 Shp=+3.83 Srt= +4.7 Calm=+6.69 Omega=1.89 Ulcer=1.64 Ruin@4%=32.4% comp=  +24.3
  15. Kelly_Quarter                N=283 PnL=$ +23,501 DD= 3.51% PF=1.89 Shp=+3.83 Srt= +4.7 Calm=+6.69 Omega=1.89 Ulcer=1.64 Ruin@4%=32.6% comp=  +24.3
  16. GARCHMerton_g2.0             N=283 PnL=$ +23,501 DD= 3.51% PF=1.89 Shp=+3.83 Srt= +4.7 Calm=+6.69 Omega=1.89 Ulcer=1.64 Ruin@4%=32.7% comp=  +24.2
  17. Vince_20pct_of_f*            N=283 PnL=$ +21,369 DD= 3.51% PF=1.83 Shp=+3.59 Srt= +4.4 Calm=+6.09 Omega=1.83 Ulcer=1.65 Ruin@4%=33.8% comp=  +19.5
  18. CPPI_m3.0_f4pct              N=283 PnL=$ +20,679 DD= 6.51% PF=1.55 Shp=+2.94 Srt= +4.4 Calm=+3.18 Omega=1.55 Ulcer=2.24 Ruin@4%=59.3% comp=   +3.9

  ## RANKING 5: Highest Composite (PhD aggregator)  (top 18)
   1. MertonGZ_g3.0                N=283 PnL=$ +14,686 DD= 1.72% PF=1.94 Shp=+4.05 Srt= +5.4 Calm=+8.53 Omega=1.94 Ulcer=0.72 Ruin@4%= 0.2% comp= +124.4
   2. MertonGZ_g2.0                N=283 PnL=$ +14,636 DD= 1.77% PF=1.93 Shp=+4.03 Srt= +5.4 Calm=+8.26 Omega=1.93 Ulcer=0.73 Ruin@4%= 0.2% comp= +117.4
   3. MertonGZ_g1.5                N=283 PnL=$ +14,587 DD= 1.82% PF=1.92 Shp=+4.01 Srt= +5.3 Calm=+8.01 Omega=1.92 Ulcer=0.74 Ruin@4%= 0.4% comp= +110.4
   4. Flat_0.05pct                 N=283 PnL=$  +2,042 DD= 0.67% PF=1.58 Shp=+3.14 Srt= +4.9 Calm=+3.06 Omega=1.58 Ulcer=0.23 Ruin@4%= 0.0% comp= +103.4
   5. GZ_eta3.0_b0.15pct           N=283 PnL=$  +6,088 DD= 1.25% PF=1.77 Shp=+3.79 Srt= +5.7 Calm=+4.89 Omega=1.77 Ulcer=0.50 Ruin@4%= 0.0% comp=  +99.1
   6. Ensemble_top3_Flat+Flat+GZ   N=283 PnL=$  +4,094 DD= 1.13% PF=1.65 Shp=+3.40 Srt= +5.3 Calm=+3.63 Omega=1.65 Ulcer=0.41 Ruin@4%= 0.0% comp=  +77.9
   7. GZ_eta2.0_b0.15pct           N=283 PnL=$  +6,147 DD= 1.41% PF=1.72 Shp=+3.65 Srt= +5.6 Calm=+4.37 Omega=1.72 Ulcer=0.54 Ruin@4%= 0.0% comp=  +77.4
   8. Flat_0.10pct                 N=283 PnL=$  +4,123 DD= 1.33% PF=1.58 Shp=+3.13 Srt= +4.8 Calm=+3.10 Omega=1.58 Ulcer=0.46 Ruin@4%= 0.0% comp=  +52.0
   9. Flat_0.15pct                 N=283 PnL=$  +6,241 DD= 1.99% PF=1.58 Shp=+3.12 Srt= +4.8 Calm=+3.14 Omega=1.58 Ulcer=0.68 Ruin@4%= 0.2% comp=  +34.8
  10. Flat_0.20pct                 N=283 PnL=$  +8,399 DD= 2.65% PF=1.58 Shp=+3.11 Srt= +4.8 Calm=+3.17 Omega=1.58 Ulcer=0.91 Ruin@4%= 1.7% comp=  +25.9
  11. Kelly_Half                   N=283 PnL=$ +23,501 DD= 3.51% PF=1.89 Shp=+3.83 Srt= +4.7 Calm=+6.69 Omega=1.89 Ulcer=1.64 Ruin@4%=32.4% comp=  +24.3
  12. Kelly_Quarter                N=283 PnL=$ +23,501 DD= 3.51% PF=1.89 Shp=+3.83 Srt= +4.7 Calm=+6.69 Omega=1.89 Ulcer=1.64 Ruin@4%=32.6% comp=  +24.3
  13. GARCHMerton_g2.0             N=283 PnL=$ +23,501 DD= 3.51% PF=1.89 Shp=+3.83 Srt= +4.7 Calm=+6.69 Omega=1.89 Ulcer=1.64 Ruin@4%=32.7% comp=  +24.2
  14. BayesKelly_half_ci10         N=283 PnL=$ +17,475 DD= 2.94% PF=1.91 Shp=+3.39 Srt= +3.8 Calm=+5.94 Omega=1.91 Ulcer=1.50 Ruin@4%=21.7% comp=  +22.7
  15. VanTharp_InvVol              N=283 PnL=$  +7,765 DD= 2.72% PF=1.62 Shp=+3.24 Srt= +4.2 Calm=+2.85 Omega=1.62 Ulcer=0.95 Ruin@4%= 0.9% comp=  +20.4
  16. Vince_20pct_of_f*            N=283 PnL=$ +21,369 DD= 3.51% PF=1.83 Shp=+3.59 Srt= +4.4 Calm=+6.09 Omega=1.83 Ulcer=1.65 Ruin@4%=33.8% comp=  +19.5
  17. HMMRegime_0.5-1.8x           N=283 PnL=$  +5,290 DD= 3.00% PF=1.43 Shp=+2.29 Srt= +3.1 Calm=+1.76 Omega=1.43 Ulcer=1.02 Ruin@4%= 2.4% comp=   +7.5
  18. CPPI_m3.0_f4pct              N=283 PnL=$ +20,679 DD= 6.51% PF=1.55 Shp=+2.94 Srt= +4.4 Calm=+3.18 Omega=1.55 Ulcer=2.24 Ruin@4%=59.3% comp=   +3.9

  [7/9] Per-symbol replays ...

    DE40: 115 trades
      1. Flat_0.05pct                 N=115 PnL=$    +875 DD= 0.30% PF=1.63 Shp=+3.52 Srt= +5.3 Calm=+2.91 Omega=1.63 Ulcer=0.07 Ruin@4%= 0.0% comp= +358.7
      2. MertonGZ_g1.5                N=115 PnL=$  +5,960 DD= 0.90% PF=1.91 Shp=+4.34 Srt= +5.5 Calm=+6.61 Omega=1.91 Ulcer=0.35 Ruin@4%= 0.0% comp= +196.6
      3. MertonGZ_g2.0                N=115 PnL=$  +5,960 DD= 0.90% PF=1.91 Shp=+4.34 Srt= +5.5 Calm=+6.61 Omega=1.91 Ulcer=0.35 Ruin@4%= 0.0% comp= +196.6
      4. MertonGZ_g3.0                N=115 PnL=$  +5,960 DD= 0.90% PF=1.91 Shp=+4.34 Srt= +5.5 Calm=+6.61 Omega=1.91 Ulcer=0.35 Ruin@4%= 0.0% comp= +196.6
      5. Flat_0.10pct                 N=115 PnL=$  +1,755 DD= 0.60% PF=1.62 Shp=+3.51 Srt= +5.3 Calm=+2.92 Omega=1.62 Ulcer=0.14 Ruin@4%= 0.0% comp= +179.5

    US30: 94 trades
      1. Flat_0.05pct                 N= 94 PnL=$    +783 DD= 0.50% PF=1.45 Shp=+2.83 Srt= +6.7 Calm=+1.57 Omega=1.45 Ulcer=0.19 Ruin@4%= 0.0% comp=  +78.7
      2. Flat_0.10pct                 N= 94 PnL=$  +1,571 DD= 0.99% PF=1.45 Shp=+2.82 Srt= +6.7 Calm=+1.58 Omega=1.45 Ulcer=0.39 Ruin@4%= 0.0% comp=  +39.5
      3. GZ_eta3.0_b0.15pct           N= 94 PnL=$  +1,957 DD= 1.01% PF=1.47 Shp=+2.80 Srt= +6.1 Calm=+1.94 Omega=1.47 Ulcer=0.45 Ruin@4%= 0.0% comp=  +38.5
      4. GZ_eta2.0_b0.15pct           N= 94 PnL=$  +2,067 DD= 1.12% PF=1.46 Shp=+2.83 Srt= +6.4 Calm=+1.85 Omega=1.46 Ulcer=0.48 Ruin@4%= 0.0% comp=  +35.6
      5. MertonGZ_g1.5                N= 94 PnL=$  +4,735 DD= 1.82% PF=1.67 Shp=+3.37 Srt= +5.8 Calm=+2.61 Omega=1.67 Ulcer=0.82 Ruin@4%= 0.3% comp=  +30.6

    XAUUSD: 26 trades
      1. Flat_0.05pct                 N= 26 PnL=$    +266 DD= 0.10% PF=2.51 Shp=+6.34 Srt= +6.8 Calm=+2.65 Omega=2.51 Ulcer=0.04 Ruin@4%= 0.0% comp=+1151.5
      2. Flat_0.10pct                 N= 26 PnL=$    +532 DD= 0.20% PF=2.51 Shp=+6.33 Srt= +6.8 Calm=+2.66 Omega=2.51 Ulcer=0.08 Ruin@4%= 0.0% comp= +574.2
      3. GZ_eta3.0_b0.15pct           N= 26 PnL=$    +800 DD= 0.30% PF=2.60 Shp=+6.64 Srt= +7.3 Calm=+2.70 Omega=2.60 Ulcer=0.12 Ruin@4%= 0.0% comp= +447.8
      4. GZ_eta2.0_b0.15pct           N= 26 PnL=$    +799 DD= 0.30% PF=2.57 Shp=+6.53 Srt= +7.1 Calm=+2.68 Omega=2.57 Ulcer=0.12 Ruin@4%= 0.0% comp= +421.9
      5. Flat_0.15pct                 N= 26 PnL=$    +799 DD= 0.30% PF=2.50 Shp=+6.32 Srt= +6.8 Calm=+2.66 Omega=2.50 Ulcer=0.12 Ruin@4%= 0.0% comp= +381.7

    US500: 48 trades
      1. Flat_0.05pct                 N= 48 PnL=$    +105 DD= 0.10% PF=1.63 Shp=+2.40 Srt= +1.6 Calm=+1.07 Omega=1.63 Ulcer=0.03 Ruin@4%= 0.0% comp=  +93.1
      2. MertonGZ_g1.5                N= 48 PnL=$    +765 DD= 0.44% PF=2.25 Shp=+3.94 Srt= +2.6 Calm=+1.75 Omega=2.25 Ulcer=0.14 Ruin@4%= 0.0% comp=  +73.0
      3. MertonGZ_g2.0                N= 48 PnL=$    +765 DD= 0.44% PF=2.25 Shp=+3.94 Srt= +2.6 Calm=+1.75 Omega=2.25 Ulcer=0.14 Ruin@4%= 0.0% comp=  +73.0
      4. MertonGZ_g3.0                N= 48 PnL=$    +765 DD= 0.44% PF=2.25 Shp=+3.94 Srt= +2.6 Calm=+1.75 Omega=2.25 Ulcer=0.14 Ruin@4%= 0.0% comp=  +73.0
      5. Flat_0.10pct                 N= 48 PnL=$    +211 DD= 0.20% PF=1.63 Shp=+2.40 Srt= +1.6 Calm=+1.07 Omega=1.63 Ulcer=0.06 Ruin@4%= 0.0% comp=  +46.5

  [8/9] Saving JSON outputs ...
    wrote Results\v24_shootout_portfolio.json
    wrote Results\v24_shootout_per_symbol.json

  [9/9] Writing markdown report ...
    wrote Docs\V24_SIZER_SHOOTOUT_RESULTS.md

============================================================================================================================================
  DONE. Review Docs/V24_SIZER_SHOOTOUT_RESULTS.md to pick your production sizer.
============================================================================================================================================